stm32g4xx_hal_cordic.c:201:19:HAL_CORDIC_Init	16	static
stm32g4xx_hal_cordic.c:268:19:HAL_CORDIC_DeInit	16	static
stm32g4xx_hal_cordic.c:325:13:HAL_CORDIC_MspInit	16	static
stm32g4xx_hal_cordic.c:340:13:HAL_CORDIC_MspDeInit	16	static
stm32g4xx_hal_cordic.c:557:19:HAL_CORDIC_Configure	24	static
stm32g4xx_hal_cordic.c:604:19:HAL_CORDIC_Calculate	40	static
stm32g4xx_hal_cordic.c:698:19:HAL_CORDIC_CalculateZO	40	static
stm32g4xx_hal_cordic.c:790:19:HAL_CORDIC_Calculate_IT	32	static
stm32g4xx_hal_cordic.c:881:19:HAL_CORDIC_Calculate_DMA	40	static
stm32g4xx_hal_cordic.c:1048:13:HAL_CORDIC_ErrorCallback	16	static
stm32g4xx_hal_cordic.c:1064:13:HAL_CORDIC_CalculateCpltCallback	16	static
stm32g4xx_hal_cordic.c:1097:6:HAL_CORDIC_IRQHandler	16	static
stm32g4xx_hal_cordic.c:1168:25:HAL_CORDIC_GetState	16	static
stm32g4xx_hal_cordic.c:1181:10:HAL_CORDIC_GetError	16	static
stm32g4xx_hal_cordic.c:1206:13:CORDIC_WriteInDataIncrementPtr	16	static
stm32g4xx_hal_cordic.c:1232:13:CORDIC_ReadOutDataIncrementPtr	16	static
stm32g4xx_hal_cordic.c:1256:13:CORDIC_DMAInCplt	24	static
stm32g4xx_hal_cordic.c:1288:13:CORDIC_DMAOutCplt	24	static
stm32g4xx_hal_cordic.c:1316:13:CORDIC_DMAError	24	static
